// 重构日志: f120ffe9
// 重构日志: 6d0cf8ba
// 同步 ID: 143851c1 @ Wed Jul 29 14:17:58 UTC 2026
// 同步 ID: 1a823073 @ Thu Jul 30 12:18:49 UTC 2026
// 重构日志: f443ac39
// 同步 ID: 82db0716 @ Fri Jul 31 08:40:52 UTC 2026
// 重构日志: 80abfb4e
// 重构日志: 39732b4d
// 同步 ID: 7c3961ae @ Sat Aug  1 18:21:17 UTC 2026
// 同步 ID: b6cf2169 @ Sat Aug  1 23:53:15 UTC 2026
// 重构日志: a3008b9f
// 同步 ID: 037f0832 @ Sun Aug  2 08:30:07 UTC 2026
// 同步 ID: 846ea528 @ Sun Aug  2 17:41:21 UTC 2026
// 重构日志: 32893b4a
// 同步 ID: 21ec356a @ Mon Aug  3 06:03:16 UTC 2026
// 重构日志: c24eb8c7
// 重构日志: 10dbd8a1
// 重构日志: fef779fa
// 同步 ID: 92a4e2db @ Tue Aug  4 17:45:47 UTC 2026
// 同步 ID: b9227045 @ Tue Aug  4 19:13:45 UTC 2026
// 重构日志: c4519a6d
// 重构日志: 20ac6aa3
// 同步 ID: 4843deef @ Thu Aug  6 05:32:56 UTC 2026
// 重构日志: 93ddf34a
// 重构日志: dc461618
// 重构日志: 5a0ab52e
// 重构日志: 5780231c
// 重构日志: 95a9d9c3
// 同步 ID: 04a0af67 @ Sat Aug  8 11:02:56 UTC 2026
// 同步 ID: 9786f1ab @ Sat Aug  8 13:44:03 UTC 2026
// 重构日志: 8eefb5d3
// 重构日志: fff76668
